package p

// Tests if variables with fake usages get removed. Checks both a case with a
// single definition per line and one with multiple assignments per line.
func main() {
	var (
		notUsed0 = false
		used0    bool
	)
	notUsed1, used1 := "", ""
	_, _ = used0, used1
}
