package p

// Tests if it removes fake usages after gofmt.
func main() {
	var (
		notUsed0 = false
		used0    bool
	)
	notUsed1, used1 := "", ""
	_, _ = used0, used1
}
